// Jest Snapshot v1, https://goo.gl/fbAQLP

exports[`TableResults renders content correctly 1`] = `
<div>
  <h2
    id="changelog"
  >
    changelog
  </h2>
  <h5
    class="secondary-text-color section-subtitle"
  >
    description for the tab
  </h5>
  <div
    class="results-count secondary-font"
  >
    x-results
  </div>
  <table
    class="table changelog-table table-autofit table-list"
    role="table"
  >
    <thead>
      <tr>
        <th
          class="lfr-summary-column table-cell-content"
        >
          summary
        </th>
        <th
          class="lfr-component-column"
        >
          component
        </th>
        <th
          class="lfr-release-column"
        >
          release
           
          <svg
            aria-label="Sort"
            class="arrow-down desc lexicon-icon sorting-indicator"
            role="button"
          >
            <use
              xlink:href="#arrow-down"
            />
          </svg>
        </th>
        <th
          class="lfr-key-column"
        >
          key
        </th>
      </tr>
    </thead>
    <tbody>
      <tr
        class="journal-article-row"
        id="LPD-90100GA"
      >
        <td
          class="lfr-summary-column table-cell-content"
        >
          <button
            class="btn btn-md btn-link"
            type="button"
          >
            IE11 Web Image Resizing
          </button>
        </td>
        <td
          class="lfr-component-column"
        >
          Frontend Infrastructure &gt; WYSIWYG
        </td>
        <td
          class="lfr-release-column"
        >
          GA
        </td>
        <td
          class="lfr-key-column"
        >
          <a
            href="/"
          >
            LPD-90100
          </a>
        </td>
      </tr>
      <tr
        class="journal-article-row"
        id="LPD-85155GA"
      >
        <td
          class="lfr-summary-column table-cell-content"
        >
          <button
            class="btn btn-md btn-link"
            type="button"
          >
            Add menu - Heading order invalid
          </button>
        </td>
        <td
          class="lfr-component-column"
        >
          Accessibility
        </td>
        <td
          class="lfr-release-column"
        >
          GA
        </td>
        <td
          class="lfr-key-column"
        >
          <a
            href="/"
          >
            LPD-85155
          </a>
        </td>
      </tr>
    </tbody>
  </table>
</div>
`;

exports[`TableResults renders error correctly 1`] = `
<div>
  <h2
    id="changelog"
  >
    changelog
  </h2>
  <h5
    class="secondary-text-color section-subtitle"
  >
    description for the tab
  </h5>
  <div
    class="alert alert-danger"
    role="alert"
  >
    <span
      class="alert-indicator"
    >
      <svg
        class="lexicon-icon lexicon-icon-exclamation-full"
        role="img"
      >
        <use
          xlink:href="#exclamation-full"
        />
      </svg>
    </span>
    Please enter a valid version range.
  </div>
</div>
`;
